
> buildyoustore@0.1.0 build
> next build

  Γû▓ Next.js 14.2.35
  - Environments: .env.local

   Creating an optimized production build ...
 Γ£ô Compiled successfully
   Linting and checking validity of types ...

./src/app/layout.tsx
28:9  Warning: Custom fonts not added in `pages/_document.js` will only load for a single page. This is discouraged. See: https://nextjs.org/docs/messages/no-page-custom-font  @next/next/no-page-custom-font

./src/app/manage/menu/page.tsx
14:40  Warning: Unexpected any. Specify a different type.  @typescript-eslint/no-explicit-any
17:54  Warning: Unexpected any. Specify a different type.  @typescript-eslint/no-explicit-any
24:8  Warning: React Hook useEffect has missing dependencies: 'fetchShops' and 'fetchSubscription'. Either include them or remove the dependency array.  react-hooks/exhaustive-deps
90:8  Warning: React Hook useCallback has missing dependencies: 'fetchShops' and 'fetchSubscription'. Either include them or remove the dependency array.  react-hooks/exhaustive-deps

./src/app/manage/my-shop/page.tsx
14:40  Warning: Unexpected any. Specify a different type.  @typescript-eslint/no-explicit-any
17:54  Warning: Unexpected any. Specify a different type.  @typescript-eslint/no-explicit-any
24:8  Warning: React Hook useEffect has missing dependencies: 'fetchShops' and 'fetchSubscription'. Either include them or remove the dependency array.  react-hooks/exhaustive-deps
90:8  Warning: React Hook useCallback has missing dependencies: 'fetchShops' and 'fetchSubscription'. Either include them or remove the dependency array.  react-hooks/exhaustive-deps

./src/app/manage/recharge/page.tsx
82:23  Warning: Unexpected any. Specify a different type.  @typescript-eslint/no-explicit-any
92:8  Warning: React Hook useEffect has a missing dependency: 'fetchData'. Either include it or remove the dependency array.  react-hooks/exhaustive-deps
135:23  Warning: Unexpected any. Specify a different type.  @typescript-eslint/no-explicit-any

./src/app/manage/settings/page.tsx
26:58  Warning: Unexpected any. Specify a different type.  @typescript-eslint/no-explicit-any
32:8  Warning: React Hook useEffect has a missing dependency: 'fetchData'. Either include it or remove the dependency array.  react-hooks/exhaustive-deps
111:25  Warning: Unexpected any. Specify a different type.  @typescript-eslint/no-explicit-any
146:25  Warning: Unexpected any. Specify a different type.  @typescript-eslint/no-explicit-any
204:37  Warning: Using `<img>` could result in slower LCP and higher bandwidth. Consider using `<Image />` from `next/image` to automatically optimize images. This may incur additional usage or cost from your provider. See: https://nextjs.org/docs/messages/no-img-element  @next/next/no-img-element

./src/app/shop/[slug]/page.tsx
41:44  Warning: Unexpected any. Specify a different type.  @typescript-eslint/no-explicit-any

./src/components/DashboardHeader.tsx
105:8  Warning: React Hook useEffect has a missing dependency: 'fetchData'. Either include it or remove the dependency array.  react-hooks/exhaustive-deps

./src/components/manage/ProductsList.tsx
8:63  Warning: Unexpected any. Specify a different type.  @typescript-eslint/no-explicit-any
62:50  Warning: Unexpected any. Specify a different type.  @typescript-eslint/no-explicit-any

./src/components/manage/ShopCard.tsx
46:11  Warning: Unexpected any. Specify a different type.  @typescript-eslint/no-explicit-any
47:19  Warning: Unexpected any. Specify a different type.  @typescript-eslint/no-explicit-any
68:46  Warning: Unexpected any. Specify a different type.  @typescript-eslint/no-explicit-any

./src/components/manage/SiteInfo.tsx
18:11  Warning: Unexpected any. Specify a different type.  @typescript-eslint/no-explicit-any

./src/components/OnboardingModal.tsx
44:46  Warning: Unexpected any. Specify a different type.  @typescript-eslint/no-explicit-any
275:81  Warning: Unexpected any. Specify a different type.  @typescript-eslint/no-explicit-any
419:25  Warning: Unexpected any. Specify a different type.  @typescript-eslint/no-explicit-any
608:57  Warning: Using `<img>` could result in slower LCP and higher bandwidth. Consider using `<Image />` from `next/image` to automatically optimize images. This may incur additional usage or cost from your provider. See: https://nextjs.org/docs/messages/no-img-element  @next/next/no-img-element
694:53  Warning: Using `<img>` could result in slower LCP and higher bandwidth. Consider using `<Image />` from `next/image` to automatically optimize images. This may incur additional usage or cost from your provider. See: https://nextjs.org/docs/messages/no-img-element  @next/next/no-img-element

./src/components/Sidebar.tsx
107:33  Warning: Using `<img>` could result in slower LCP and higher bandwidth. Consider using `<Image />` from `next/image` to automatically optimize images. This may incur additional usage or cost from your provider. See: https://nextjs.org/docs/messages/no-img-element  @next/next/no-img-element

./src/components/Stepper.tsx
333:11  Warning: An interface declaring no members is equivalent to its supertype.  @typescript-eslint/no-empty-object-type

info  - Need to disable some ESLint rules? Learn more here: https://nextjs.org/docs/basic-features/eslint#disabling-rules
   Collecting page data ...
   Generating static pages (0/14) ...
   Generating static pages (3/14) 
   Generating static pages (6/14) 
   Generating static pages (10/14) 
 Γ£ô Generating static pages (14/14)
   Finalizing page optimization ...
   Collecting build traces ...

Route (app)                              Size     First Load JS
Γöî Γùï /                                    7.91 kB         154 kB
Γö£ Γùï /_not-found                          873 B          88.3 kB
Γö£ ╞Æ /api/process-voice                   0 B                0 B
Γö£ ╞Æ /api/site/create                     0 B                0 B
Γö£ ╞Æ /api/subscription/update             0 B                0 B
Γö£ Γùï /manage                              2.87 kB         140 kB
Γö£ Γùï /manage/dashboard                    1.43 kB        88.9 kB
Γö£ Γùï /manage/menu                         1.44 kB         339 kB
Γö£ Γùï /manage/my-shop                      1.44 kB         339 kB
Γö£ Γùï /manage/recharge                     3.89 kB         146 kB
Γö£ Γùï /manage/settings                     3.66 kB         146 kB
Γöö ╞Æ /shop/[slug]                         4.51 kB        97.2 kB
+ First Load JS shared by all            87.4 kB
  Γö£ chunks/117-54482fa8787b0730.js       31.7 kB
  Γö£ chunks/fd9d1056-4a9853f3fae16b4a.js  53.6 kB
  Γöö other shared chunks (total)          2.06 kB


╞Æ Middleware                             26.8 kB

Γùï  (Static)   prerendered as static content
╞Æ  (Dynamic)  server-rendered on demand

